mythril.mythril [CRITICAL]: Exception occurred, aborting analysis. Please report this issue to the Mythril GitHub page.
Traceback (most recent call last):
  File "/home/ubuntu/Mpro/M-Pro/mythril/laser/ethereum/state/memory.py", line 48, in get_word_at
    bytes([util.get_concrete_int(b) for b in self[index : index + 32]]),
  File "/home/ubuntu/Mpro/M-Pro/mythril/laser/ethereum/state/memory.py", line 48, in <listcomp>
    bytes([util.get_concrete_int(b) for b in self[index : index + 32]]),
  File "/home/ubuntu/Mpro/M-Pro/mythril/laser/ethereum/util.py", line 111, in get_concrete_int
    raise TypeError("Got a symbolic BitVecRef")
TypeError: Got a symbolic BitVecRef

During handling of the above exception, another exception occurred:

Traceback (most recent call last):
  File "/home/ubuntu/Mpro/M-Pro/mythril/mythril.py", line 629, in slither_mythril
    heuristic=priority
  File "/home/ubuntu/Mpro/M-Pro/mythril/analysis/symbolic.py", line 103, in __init__
    creation_code=contract.creation_code, contract_name=contract.name, heuristic=heuristic, disassembly = contract.disassembly
  File "/home/ubuntu/Mpro/M-Pro/mythril/laser/ethereum/svm.py", line 162, in sym_exec
    self._execute_transactions(created_account.address, heuristic, disassembly)
  File "/home/ubuntu/Mpro/M-Pro/mythril/laser/ethereum/svm.py", line 205, in _execute_transactions
    heuristic_message_call(self, address, heuristic, self.transaction_count, disassembly)
  File "/home/ubuntu/Mpro/M-Pro/mythril/laser/ethereum/transaction/symbolic.py", line 30, in heuristic_message_call
    execute_message_call(laser_evm, callee_address, disassembly)
  File "/home/ubuntu/Mpro/M-Pro/mythril/laser/ethereum/transaction/symbolic.py", line 143, in execute_message_call
    laser_evm.exec(disassembly)
  File "/home/ubuntu/Mpro/M-Pro/mythril/laser/ethereum/svm.py", line 254, in exec
    new_states, op_code = self.execute_state(global_state, disassembly, priority=priotity)
  File "/home/ubuntu/Mpro/M-Pro/mythril/laser/ethereum/svm.py", line 303, in execute_state
    global_state
  File "/home/ubuntu/Mpro/M-Pro/mythril/laser/ethereum/instructions.py", line 202, in evaluate
    result = instruction_mutator(global_state)
  File "/home/ubuntu/Mpro/M-Pro/mythril/laser/ethereum/instructions.py", line 146, in wrapper
    new_global_states = self.call_on_state_copy(func, func_obj, global_state)
  File "/home/ubuntu/Mpro/M-Pro/mythril/laser/ethereum/instructions.py", line 90, in call_on_state_copy
    return func(func_obj, global_state_copy)
  File "/home/ubuntu/Mpro/M-Pro/mythril/laser/ethereum/instructions.py", line 1194, in mload_
    data = state.memory.get_word_at(offset)
  File "/home/ubuntu/Mpro/M-Pro/mythril/laser/ethereum/state/memory.py", line 58, in get_word_at
    for b in self[index : index + 32]
  File "/home/ubuntu/Mpro/M-Pro/mythril/laser/smt/bitvec.py", line 246, in Concat
    annotations += bv.annotations
MemoryError
 
mythril.mythril [CRITICAL]: Exception occurred, aborting analysis. Please report this issue to the Mythril GitHub page.
Traceback (most recent call last):
  File "/home/ubuntu/Mpro/M-Pro/mythril/laser/ethereum/state/memory.py", line 48, in get_word_at
    bytes([util.get_concrete_int(b) for b in self[index : index + 32]]),
  File "/home/ubuntu/Mpro/M-Pro/mythril/laser/ethereum/state/memory.py", line 48, in <listcomp>
    bytes([util.get_concrete_int(b) for b in self[index : index + 32]]),
  File "/home/ubuntu/Mpro/M-Pro/mythril/laser/ethereum/util.py", line 111, in get_concrete_int
    raise TypeError("Got a symbolic BitVecRef")
TypeError: Got a symbolic BitVecRef

During handling of the above exception, another exception occurred:

Traceback (most recent call last):
  File "/home/ubuntu/Mpro/M-Pro/mythril/mythril.py", line 629, in slither_mythril
    heuristic=priority
  File "/home/ubuntu/Mpro/M-Pro/mythril/analysis/symbolic.py", line 103, in __init__
    creation_code=contract.creation_code, contract_name=contract.name, heuristic=heuristic, disassembly = contract.disassembly
  File "/home/ubuntu/Mpro/M-Pro/mythril/laser/ethereum/svm.py", line 162, in sym_exec
    self._execute_transactions(created_account.address, heuristic, disassembly)
  File "/home/ubuntu/Mpro/M-Pro/mythril/laser/ethereum/svm.py", line 205, in _execute_transactions
    heuristic_message_call(self, address, heuristic, self.transaction_count, disassembly)
  File "/home/ubuntu/Mpro/M-Pro/mythril/laser/ethereum/transaction/symbolic.py", line 30, in heuristic_message_call
    execute_message_call(laser_evm, callee_address, disassembly)
  File "/home/ubuntu/Mpro/M-Pro/mythril/laser/ethereum/transaction/symbolic.py", line 143, in execute_message_call
    laser_evm.exec(disassembly)
  File "/home/ubuntu/Mpro/M-Pro/mythril/laser/ethereum/svm.py", line 254, in exec
    new_states, op_code = self.execute_state(global_state, disassembly, priority=priotity)
  File "/home/ubuntu/Mpro/M-Pro/mythril/laser/ethereum/svm.py", line 303, in execute_state
    global_state
  File "/home/ubuntu/Mpro/M-Pro/mythril/laser/ethereum/instructions.py", line 202, in evaluate
    result = instruction_mutator(global_state)
  File "/home/ubuntu/Mpro/M-Pro/mythril/laser/ethereum/instructions.py", line 146, in wrapper
    new_global_states = self.call_on_state_copy(func, func_obj, global_state)
  File "/home/ubuntu/Mpro/M-Pro/mythril/laser/ethereum/instructions.py", line 90, in call_on_state_copy
    return func(func_obj, global_state_copy)
  File "/home/ubuntu/Mpro/M-Pro/mythril/laser/ethereum/instructions.py", line 1194, in mload_
    data = state.memory.get_word_at(offset)
  File "/home/ubuntu/Mpro/M-Pro/mythril/laser/ethereum/state/memory.py", line 58, in get_word_at
    for b in self[index : index + 32]
  File "/home/ubuntu/Mpro/M-Pro/mythril/laser/smt/bitvec.py", line 246, in Concat
    annotations += bv.annotations
MemoryError
 
total states: 3719
total states: 9301
total states: 8641
total states: 10219
total states: 10039
total states: 24
total states: 1058
total states: 1673
total states: 24
total states: 2473
total states: 30
total states: 30

---------------------------------------------
For contract 0xa0472ae3158c9ece329ce2324d0aa73db1d8639a.sol
Tool Runtime = 1038.1600450299993 seconds
#############################################